.next-dev-3010/types/app/api/cron/world-cup-sync/route.ts(2,24): error TS2307: Cannot find module '../../../../../../app/api/cron/world-cup-sync/route.js' or its corresponding type declarations.
.next-dev-3010/types/app/api/cron/world-cup-sync/route.ts(5,29): error TS2307: Cannot find module '../../../../../../app/api/cron/world-cup-sync/route.js' or its corresponding type declarations.
