// Vitest Snapshot v1, https://vitest.dev/guide/snapshot.html

exports[`commissioner hub reference sections > 🛑 the English is byte-identical to what the builders wrote before they took a language 1`] = `
{
  "areas/imported": [
    "Overview",
    "Standings snapshot, this week, and what changed.",
    "Open overview",
    "Settings",
    "Scoring, rosters, waivers, trades, draft and playoffs.",
    "A read-only summary here. Rules are changed on Sleeper.",
    "Open settings",
    "Open in Sleeper",
    "Members",
    "Who manages each team, invites, and co-commissioners.",
    "Team ownership is set on Sleeper. AllFantasy handles invites to claim a team here.",
    "Manage members",
    "Open in Sleeper",
    "Standings",
    "Records, points and playoff picture.",
    "Read from Sleeper. Changes are made there.",
    "Open standings",
    "Schedule",
    "Every week’s matchups.",
    "Read from Sleeper. Changes are made there.",
    "Open schedule",
    "Open in Sleeper",
    "Drafts",
    "Draft board, order and results.",
    "The draft itself runs on Sleeper; Draft HQ follows it.",
    "Open Draft HQ",
    "Open in Sleeper",
    "Trades",
    "Offers, completed deals and review.",
    "Trades are accepted and vetoed on Sleeper.",
    "Open trades",
    "Open in Sleeper",
    "Waivers",
    "Claims, FAAB and the last run.",
    "Claims are processed on Sleeper.",
    "Open waivers",
    "Open in Sleeper",
    "History",
    "Past seasons, champions and all-time records.",
    "Open history",
    "Announcements",
    "League chat — where rulings and reminders are posted.",
    "Open league chat",
    "Commissioner intelligence",
    "League and manager health, rivalries, the audit log and the intelligence modules.",
    "Open intelligence",
  ],
  "areas/native": [
    "Overview",
    "Standings snapshot, this week, and what changed.",
    "Open overview",
    "Settings",
    "Scoring, rosters, waivers, trades, draft and playoffs.",
    "Open settings",
    "Members",
    "Who manages each team, invites, and co-commissioners.",
    "Manage members",
    "Standings",
    "Records, points and playoff picture.",
    "Open standings",
    "Schedule",
    "Every week’s matchups.",
    "Open schedule",
    "Drafts",
    "Draft board, order and results.",
    "Open Draft HQ",
    "Trades",
    "Offers, completed deals and review.",
    "Open trades",
    "Waivers",
    "Claims, FAAB and the last run.",
    "Open waivers",
    "History",
    "Past seasons, champions and all-time records.",
    "Open history",
    "Announcements",
    "League chat — where rulings and reminders are posted.",
    "Open league chat",
    "Commissioner intelligence",
    "League and manager health, rivalries, the audit log and the intelligence modules.",
    "Open intelligence",
  ],
  "areas/unverified": [
    "Overview",
    "Standings snapshot, this week, and what changed.",
    "Open overview",
    "Settings",
    "Scoring, rosters, waivers, trades, draft and playoffs.",
    "A read-only summary here. Rules are changed on ESPN.",
    "Open settings",
    "Members",
    "Who manages each team, invites, and co-commissioners.",
    "Team ownership is set on ESPN. AllFantasy handles invites to claim a team here.",
    "Manage members",
    "Standings",
    "Records, points and playoff picture.",
    "Read from ESPN. Changes are made there.",
    "Open standings",
    "Schedule",
    "Every week’s matchups.",
    "Read from ESPN. Changes are made there.",
    "Open schedule",
    "Drafts",
    "Draft board, order and results.",
    "The draft itself runs on ESPN; Draft HQ follows it.",
    "Open Draft HQ",
    "Trades",
    "Offers, completed deals and review.",
    "Trades are accepted and vetoed on ESPN.",
    "Open trades",
    "Waivers",
    "Claims, FAAB and the last run.",
    "Claims are processed on ESPN.",
    "Open waivers",
    "History",
    "Past seasons, champions and all-time records.",
    "Open history",
    "Announcements",
    "League chat — where rulings and reminders are posted.",
    "Open league chat",
    "Commissioner intelligence",
    "League and manager health, rivalries, the audit log and the intelligence modules.",
    "Open intelligence",
  ],
  "connections/discord-on": [
    "Discord",
    "League chat relays to #wuzzo in Vexa Guild.",
    "Manage the bridge",
    "Email & announcements",
    "A league-chat post reaches the 8 of 10 managers with AllFantasy accounts, by in-app, email or text as each has chosen. An @everyone announcement notifies all of them at once.",
    "Open league chat",
    "Calendar",
    "Download the league’s 1 dated event as a calendar file for Google, Apple or Outlook.",
    "Payment link",
    "Dues are tracked, but no payment link is set. Add a LeagueSafe or FanCred link in the dues tracker.",
    "Open dues tracker",
    "Source platform",
    "This league runs on AllFantasy — there is no other platform to keep in step.",
  ],
  "connections/discord-on-bare": [
    "Discord",
    "League chat relays to a channel.",
    "Manage the bridge",
    "Email & announcements",
    "A league-chat post reaches the 8 of 10 managers with AllFantasy accounts, by in-app, email or text as each has chosen. An @everyone announcement notifies all of them at once.",
    "Open league chat",
    "Calendar",
    "Download the league’s 3 dated events as a calendar file for Google, Apple or Outlook.",
    "Payment link",
    "Dues are tracked, but no payment link is set. Add a LeagueSafe or FanCred link in the dues tracker.",
    "Open dues tracker",
    "Source platform",
    "This league runs on AllFantasy — there is no other platform to keep in step.",
  ],
  "connections/imported": [
    "Discord",
    "Relay league chat to your Discord server, both ways.",
    "Connect Discord",
    "Email & announcements",
    "A league-chat post reaches the 8 of 10 managers with AllFantasy accounts, by in-app, email or text as each has chosen. An @everyone announcement notifies all of them at once.",
    "Open league chat",
    "Calendar",
    "Download the league’s 3 dated events as a calendar file for Google, Apple or Outlook.",
    "Payment link",
    "Dues are tracked, but no payment link is set. Add a LeagueSafe or FanCred link in the dues tracker.",
    "Open dues tracker",
    "Sleeper",
    "Rules, rosters and rulings are applied on Sleeper. AllFantasy re-reads the league on every sync.",
    "Open in Sleeper",
  ],
  "connections/native": [
    "Discord",
    "Relay league chat to your Discord server, both ways.",
    "Connect Discord",
    "Email & announcements",
    "A league-chat post reaches the 8 of 10 managers with AllFantasy accounts, by in-app, email or text as each has chosen. An @everyone announcement notifies all of them at once.",
    "Open league chat",
    "Calendar",
    "Download the league’s 3 dated events as a calendar file for Google, Apple or Outlook.",
    "Payment link",
    "Dues are tracked, but no payment link is set. Add a LeagueSafe or FanCred link in the dues tracker.",
    "Open dues tracker",
    "Source platform",
    "This league runs on AllFantasy — there is no other platform to keep in step.",
  ],
  "connections/not-owner": [
    "Discord",
    "Not connected. Only the league owner can connect Discord.",
    "Email & announcements",
    "No manager has connected an AllFantasy account yet, so there is nobody to email. Invite managers to claim their teams.",
    "Open league chat",
    "Calendar",
    "Nothing on this league’s calendar has a date yet, so there is nothing to export.",
    "Payment link",
    "Track dues and add a LeagueSafe or FanCred link in the league’s dues tracker.",
    "Open dues tracker",
    "Source platform",
    "This league runs on AllFantasy — there is no other platform to keep in step.",
  ],
  "connections/paid-link": [
    "Discord",
    "Relay league chat to your Discord server, both ways.",
    "Connect Discord",
    "Email & announcements",
    "A league-chat post reaches the 8 of 10 managers with AllFantasy accounts, by in-app, email or text as each has chosen. An @everyone announcement notifies all of them at once.",
    "Open league chat",
    "Calendar",
    "Download the league’s 3 dated events as a calendar file for Google, Apple or Outlook.",
    "Payment link",
    "Dues are collected through LeagueSafe.",
    "Open LeagueSafe",
    "Source platform",
    "This league runs on AllFantasy — there is no other platform to keep in step.",
  ],
  "connections/paid-link-other": [
    "Discord",
    "Relay league chat to your Discord server, both ways.",
    "Connect Discord",
    "Email & announcements",
    "A league-chat post reaches the 8 of 10 managers with AllFantasy accounts, by in-app, email or text as each has chosen. An @everyone announcement notifies all of them at once.",
    "Open league chat",
    "Calendar",
    "Download the league’s 3 dated events as a calendar file for Google, Apple or Outlook.",
    "Payment link",
    "Dues are collected through the league’s payment link.",
    "Open the league’s payment link",
    "Source platform",
    "This league runs on AllFantasy — there is no other platform to keep in step.",
  ],
  "connections/unverified": [
    "Discord",
    "Relay league chat to your Discord server, both ways.",
    "Connect Discord",
    "Email & announcements",
    "A league-chat post reaches the 8 of 10 managers with AllFantasy accounts, by in-app, email or text as each has chosen. An @everyone announcement notifies all of them at once.",
    "Open league chat",
    "Calendar",
    "Download the league’s 3 dated events as a calendar file for Google, Apple or Outlook.",
    "Payment link",
    "Dues are tracked, but no payment link is set. Add a LeagueSafe or FanCred link in the dues tracker.",
    "Open dues tracker",
    "ESPN",
    "Rules, rosters and rulings are applied on ESPN. A direct link to this league on ESPN isn’t verified yet.",
  ],
  "format/big_brother": [
    "Big Brother command",
    "Review HOH, veto, eviction and jury state.",
    "Open command",
  ],
  "format/c2c": [
    "Campus to Canton",
    "Review college and pro assets, transitions and picks.",
    "Open picks",
  ],
  "format/capabilities": [
    "Keeper decisions",
    "Review retained players, costs and the next draft.",
    "Open keepers",
    "Elimination week",
    "Review cuts, released rosters and waiver timing.",
    "Open guillotine",
    "Survivor command",
    "Review tribes, challenges, tribal votes and phase state.",
    "Open command",
    "Promotion and relegation",
    "Review tier movement, frozen standings inputs and rookie order.",
    "Open standings",
    "Tournament advancement",
    "Review brackets and progression rules.",
    "Open standings",
  ],
  "format/devy": [
    "Devy assets",
    "Review college rights, taxi decisions and rookie picks.",
    "Open picks",
  ],
  "format/four_horsemen": [
    "Four Horsemen rules",
    "Review the configured rules before making a commissioner ruling.",
    "Open settings",
  ],
  "format/zombie": [
    "Zombie control",
    "Review conversions and survival status.",
    "Open zombie",
  ],
  "guides/imported": [
    "Replace a manager",
    "Find the team nobody is running, hand it to someone new, and tell the league.",
    "AllFantasy cannot write to Sleeper; Sleeper remains this league's system of record.",
    "Confirm who has gone quiet",
    "Member activity below lists every manager with no owner or no move in 14 days.",
    "See member activity",
    "Make the change on Sleeper",
    "Sleeper is this league’s system of record, so changing a team’s owner happens there.",
    "Open in Sleeper",
    "Re-sync so AllFantasy sees the new owner",
    "Until the next sync, AllFantasy still shows the old manager on that team.",
    "Re-sync this league",
    "Invite them to claim the team here",
    "Your league’s invite link lets the new manager connect the team to their AllFantasy account.",
    "Open league settings",
    "Tell the league",
    "Post who is taking over, so nobody is surprised by a new name in the standings.",
    "Open league chat",
    "Change a rule",
    "Check what the league runs on today, get the league’s agreement, apply it, and record it.",
    "AllFantasy cannot write to Sleeper; Sleeper remains this league's system of record.",
    "Check the current rule",
    "“How this league runs” below shows the trade deadline, playoffs and waivers as they stand.",
    "See current rules",
    "Put it to a vote",
    "Post a poll in league chat and give it a deadline — open votes show on this page and in the calendar until they close.",
    "Open league chat",
    "Make the change on Sleeper",
    "Sleeper is this league’s system of record, so changing a rule happens there.",
    "Open in Sleeper",
    "Re-sync so the change shows here",
    "AllFantasy reads the new rule on the next sync.",
    "Re-sync this league",
    "Announce the change",
    "Say what changed and from which week, in league chat, so the ruling is on the record.",
    "Open league chat",
    "Schedule a draft",
    "Pick a time that works, set it, and make sure every manager has it.",
    "Sleeper runs this league’s draft, so the date is set there.",
    "Find a time that works",
    "Post a poll with two or three options and a deadline a few days out.",
    "Open league chat",
    "Make the change on Sleeper",
    "Sleeper is this league’s system of record, so setting the draft date happens there.",
    "Open in Sleeper",
    "Follow it from Draft HQ",
    "Draft HQ picks the draft up from the platform once it starts.",
    "Open Draft HQ",
    "Announce the date",
    "Post the date and time in league chat, with the time zone.",
    "Open league chat",
    "Resolve a dispute",
    "Get the facts, check the rule, rule on it, and put the ruling on the record.",
    "AllFantasy cannot write to Sleeper; Sleeper remains this league's system of record.",
    "Get the facts",
    "The trade or move in question, its date and who was involved — the Trades screen and the timeline on this page have both.",
    "Open trades",
    "Check the rule",
    "Read what the league actually runs on before ruling, so the decision rests on the rule and not on memory.",
    "See current rules",
    "Make the change on Sleeper",
    "Sleeper is this league’s system of record, so vetoing or reversing a move happens there.",
    "Open in Sleeper",
    "If it’s a judgment call, let the league decide",
    "A poll with a deadline keeps the ruling from being yours alone.",
    "Open league chat",
    "Post the ruling",
    "State the decision and the rule behind it in league chat — that post is the league’s record of it.",
    "Open league chat",
  ],
  "guides/native": [
    "Replace a manager",
    "Find the team nobody is running, hand it to someone new, and tell the league.",
    "Confirm who has gone quiet",
    "Member activity below lists every manager with no owner or no move in 14 days.",
    "See member activity",
    "Open the team up",
    "Orphan teams lists ownerless teams and lets you advertise one or hand it to an AI manager for now.",
    "Open orphan teams",
    "Invite the replacement",
    "Send your league’s invite link. The new manager joins and takes over the open team.",
    "Open league settings",
    "Tell the league",
    "Post who is taking over, so nobody is surprised by a new name in the standings.",
    "Open league chat",
    "Change a rule",
    "Check what the league runs on today, get the league’s agreement, apply it, and record it.",
    "Check the current rule",
    "“How this league runs” below shows the trade deadline, playoffs and waivers as they stand.",
    "See current rules",
    "Put it to a vote",
    "Post a poll in league chat and give it a deadline — open votes show on this page and in the calendar until they close.",
    "Open league chat",
    "Apply it in settings",
    "Every saved change is written to the league’s audit log and appears in the timeline on this page.",
    "Open league settings",
    "Announce the change",
    "Say what changed and from which week, in league chat, so the ruling is on the record.",
    "Open league chat",
    "Schedule a draft",
    "Pick a time that works, set it, and make sure every manager has it.",
    "Find a time that works",
    "Post a poll with two or three options and a deadline a few days out.",
    "Open league chat",
    "Set the draft date",
    "Draft settings hold the date, draft type, pick timer and order. Once saved, it appears in this page’s calendar and calendar export.",
    "Open league settings",
    "Lock in the draft order",
    "Randomize or set the order in draft settings before draft day.",
    "Open league settings",
    "Announce the date",
    "Post it in league chat. Managers can also add it to their calendars from the export on this page.",
    "Open league chat",
    "Resolve a dispute",
    "Get the facts, check the rule, rule on it, and put the ruling on the record.",
    "Get the facts",
    "The trade or move in question, its date and who was involved — the Trades screen and the timeline on this page have both.",
    "Open trades",
    "Check the rule",
    "Read what the league actually runs on before ruling, so the decision rests on the rule and not on memory.",
    "See current rules",
    "Review it in the league",
    "Pending trades can be approved or vetoed from the league’s Trades tab.",
    "Open trade review",
    "If it’s a judgment call, let the league decide",
    "A poll with a deadline keeps the ruling from being yours alone.",
    "Open league chat",
    "Post the ruling",
    "State the decision and the rule behind it in league chat — that post is the league’s record of it.",
    "Open league chat",
  ],
  "guides/unverified": [
    "Replace a manager",
    "Find the team nobody is running, hand it to someone new, and tell the league.",
    "AllFantasy cannot write to ESPN; ESPN remains this league's system of record.",
    "Confirm who has gone quiet",
    "Member activity below lists every manager with no owner or no move in 14 days.",
    "See member activity",
    "Make the change on ESPN",
    "ESPN is this league’s system of record, so changing a team’s owner happens there. Open the league in ESPN and use its commissioner tools.",
    "Re-sync so AllFantasy sees the new owner",
    "Until the next sync, AllFantasy still shows the old manager on that team.",
    "Re-sync this league",
    "Invite them to claim the team here",
    "Your league’s invite link lets the new manager connect the team to their AllFantasy account.",
    "Open league settings",
    "Tell the league",
    "Post who is taking over, so nobody is surprised by a new name in the standings.",
    "Open league chat",
    "Change a rule",
    "Check what the league runs on today, get the league’s agreement, apply it, and record it.",
    "AllFantasy cannot write to ESPN; ESPN remains this league's system of record.",
    "Check the current rule",
    "“How this league runs” below shows the trade deadline, playoffs and waivers as they stand.",
    "See current rules",
    "Put it to a vote",
    "Post a poll in league chat and give it a deadline — open votes show on this page and in the calendar until they close.",
    "Open league chat",
    "Make the change on ESPN",
    "ESPN is this league’s system of record, so changing a rule happens there. Open the league in ESPN and use its commissioner tools.",
    "Re-sync so the change shows here",
    "AllFantasy reads the new rule on the next sync.",
    "Re-sync this league",
    "Announce the change",
    "Say what changed and from which week, in league chat, so the ruling is on the record.",
    "Open league chat",
    "Schedule a draft",
    "Pick a time that works, set it, and make sure every manager has it.",
    "ESPN runs this league’s draft, so the date is set there.",
    "Find a time that works",
    "Post a poll with two or three options and a deadline a few days out.",
    "Open league chat",
    "Make the change on ESPN",
    "ESPN is this league’s system of record, so setting the draft date happens there. Open the league in ESPN and use its commissioner tools.",
    "Follow it from Draft HQ",
    "Draft HQ picks the draft up from the platform once it starts.",
    "Open Draft HQ",
    "Announce the date",
    "Post the date and time in league chat, with the time zone.",
    "Open league chat",
    "Resolve a dispute",
    "Get the facts, check the rule, rule on it, and put the ruling on the record.",
    "AllFantasy cannot write to ESPN; ESPN remains this league's system of record.",
    "Get the facts",
    "The trade or move in question, its date and who was involved — the Trades screen and the timeline on this page have both.",
    "Open trades",
    "Check the rule",
    "Read what the league actually runs on before ruling, so the decision rests on the rule and not on memory.",
    "See current rules",
    "Make the change on ESPN",
    "ESPN is this league’s system of record, so vetoing or reversing a move happens there. Open the league in ESPN and use its commissioner tools.",
    "If it’s a judgment call, let the league decide",
    "A poll with a deadline keeps the ruling from being yours alone.",
    "Open league chat",
    "Post the ruling",
    "State the decision and the rule behind it in league chat — that post is the league’s record of it.",
    "Open league chat",
  ],
  "trade-label": [
    "Unattributed trade",
    "Xolo ↔ Zibba: Kplex Q, 2027 R1",
    "Xolo ↔ Zibba: P0, P1, P2, P3, P4, P5 +2 more",
  ],
}
`;
