// Vitest Snapshot v1, https://vitest.dev/guide/snapshot.html

exports[`commissioner hub records > 🛑 the English is byte-identical to what the code wrote before it took a language 1`] = `
{
  "cal/drafting": [
    "Draft — in progress",
    "No draft date is set. Add one in draft settings so it shows here and in managers’ calendars.",
    "Now",
    "Trade deadline",
    "Trades close in week 9.",
    "Week 9",
    "Playoffs begin",
    "The regular season ends the week before.",
    "Week 14",
    "This league’s waiver processing time isn’t set.",
    "Dues aren’t tracked in AllFantasy for this league.",
  ],
  "cal/imported": [
    "Draft",
    "Sleeper holds this draft’s date, and imports don’t carry it yet.",
    "No date on file",
    "Waivers process on Sleeper, and its processing schedule isn’t imported.",
    "No trade deadline is published in this league’s Sleeper settings.",
    "No playoff start week is published for this league.",
    "Dues aren’t tracked in AllFantasy for this league.",
  ],
  "cal/native-empty": [
    "Draft",
    "No draft date is set. Add one in draft settings so it shows here and in managers’ calendars.",
    "No date on file",
    "This league’s waiver processing time isn’t set.",
    "No trade deadline is published in this league’s settings.",
    "No playoff start week is published for this league.",
    "Dues aren’t tracked in AllFantasy for this league.",
  ],
  "cal/native-fcfs-paid": [
    "Dues — all paid",
    "The dues tracker has no due date field, so this can’t be put on a calendar.",
    "No due date",
    "This league has no waiver run — free agents are first come, first served.",
    "No trade deadline — trades stay open all season.",
    "No playoff start week is published for this league.",
  ],
  "cal/native-full": [
    "Vote closes: Xqz?",
    "League-chat poll.",
    "Tue, Oct 6 · 12:00 PM EDT",
    "Waivers process",
    "Every week at this time. Claims submitted before then are processed together.",
    "Wed, Oct 7 · 4:00 AM EDT",
    "Draft",
    "Set in this league’s draft settings.",
    "Thu, Oct 8 · 12:00 PM EDT",
    "Dues — 2 unpaid",
    "$50 per team. The dues tracker has no due date field, so this can’t be put on a calendar.",
    "No due date",
    "Trade deadline",
    "Trades close in week 11, which kicks off on this date.",
    "Week 11 · Sat, Nov 14",
    "Playoffs begin",
    "The regular season ends the week before.",
    "Week 15 · Mon, Dec 14",
    "Vote closes: Wvb?",
    "League-chat poll with no deadline — it stays open until someone closes it.",
    "No deadline",
  ],
  "cal/renew-imported": [
    "Renew for next season",
    "This season is finished. Renew it on Sleeper, then re-import so AllFantasy follows the new season.",
    "Now",
    "Waivers process on Sleeper, and its processing schedule isn’t imported.",
    "No trade deadline is published in this league’s Sleeper settings.",
    "No playoff start week is published for this league.",
    "Dues aren’t tracked in AllFantasy for this league.",
  ],
  "cal/renew-native": [
    "Renew for next season",
    "This season is finished. Renew the league to carry rosters and managers forward.",
    "Now",
    "This league’s waiver processing time isn’t set.",
    "No trade deadline is published in this league’s settings.",
    "No playoff start week is published for this league.",
    "Dues aren’t tracked in AllFantasy for this league.",
  ],
  "chart/activity": [
    "League activity",
    "Trades, waiver claims and roster moves per week · last 8 weeks",
    "2 moves this week, against 0.4 a week before that.",
    "Aug 11",
    "0",
    "Aug 18",
    "0",
    "Aug 25",
    "0",
    "Sep 1",
    "1",
    "Sep 8",
    "0",
    "Sep 15",
    "1",
    "Sep 22",
    "1",
    "Sep 29",
    "2",
  ],
  "chart/activity-empty": [
    "League activity",
    "Trades, waiver claims and roster moves per week · last 8 weeks",
    "No moves imported in the last eight weeks.",
    "Aug 11",
    "0",
    "Aug 18",
    "0",
    "Aug 25",
    "0",
    "Sep 1",
    "0",
    "Sep 8",
    "0",
    "Sep 15",
    "0",
    "Sep 22",
    "0",
    "Sep 29",
    "0",
  ],
  "chart/activity-one": [
    "League activity",
    "Trades, waiver claims and roster moves per week · last 8 weeks",
    "1 move this week, against 0.0 a week before that.",
    "Aug 11",
    "0",
    "Aug 18",
    "0",
    "Aug 25",
    "0",
    "Sep 1",
    "0",
    "Sep 8",
    "0",
    "Sep 15",
    "0",
    "Sep 22",
    "0",
    "Sep 29",
    "1",
  ],
  "chart/balance": [
    "Competitive balance",
    "Points for by team, with record",
    "210 points separate the top and bottom scorers; win totals vary by ±1.2 over 5 games.",
    "Xolo",
    "640 · 4-1",
    "Zibba",
    "512 · 2-2-1",
    "Quorra",
    "430 · 1-4",
  ],
  "chart/balance-one-game": [
    "Competitive balance",
    "Points for by team, with record",
    "20 points separate the top and bottom scorers; win totals vary by ±0.5 over 1 game.",
    "Xolo",
    "120 · 1-0",
    "Zibba",
    "100 · 0-1",
  ],
  "chart/engagement": [
    "Manager engagement",
    "Active vs. inactive managers · 14-day window",
    "1 of 4 managers are active.",
    "Active",
    "1",
    "Slowing down",
    "1",
    "Inactive",
    "1",
    "Can’t tell",
    "1",
  ],
  "chart/scoring": [
    "Scoring",
    "Average team score per completed week",
    "Week 2: high 130.0, low 130.0.",
    "Wk 1",
    "105.0 avg · 110.0 high",
    "Wk 2",
    "130.0 avg · 130.0 high",
  ],
  "chart/scoring-uncertified": [
    "Scoring",
    "Recorded weekly scores · may include a week in progress",
    "Week 1: high 90.0, low 90.0.",
    "Wk 1",
    "90.0 avg · 90.0 high",
  ],
  "chart/trades": [
    "Trades",
    "Completed trades per week · last 8 weeks",
    "2 trades in eight weeks.",
    "Aug 11",
    "0",
    "Aug 18",
    "0",
    "Aug 25",
    "0",
    "Sep 1",
    "1",
    "Sep 8",
    "0",
    "Sep 15",
    "0",
    "Sep 22",
    "0",
    "Sep 29",
    "1",
  ],
  "chart/trades-empty": [
    "Trades",
    "Completed trades per week · last 8 weeks",
    "No trades in eight weeks.",
    "Aug 11",
    "0",
    "Aug 18",
    "0",
    "Aug 25",
    "0",
    "Sep 1",
    "0",
    "Sep 8",
    "0",
    "Sep 15",
    "0",
    "Sep 22",
    "0",
    "Sep 29",
    "0",
  ],
  "chart/trades-one": [
    "Trades",
    "Completed trades per week · last 8 weeks",
    "1 trade in eight weeks.",
    "Aug 11",
    "0",
    "Aug 18",
    "0",
    "Aug 25",
    "0",
    "Sep 1",
    "0",
    "Sep 8",
    "0",
    "Sep 15",
    "0",
    "Sep 22",
    "0",
    "Sep 29",
    "1",
  ],
  "chart/waivers": [
    "Waiver participation",
    "Waiver claims by manager · this season",
    "2 of 3 managers have made a claim · 2 claims in all.",
    "Xolo",
    "1",
    "Zibba",
    "1",
    "Quorra",
    "0",
  ],
  "chart/waivers-none": [
    "Waiver participation",
    "Waiver claims by manager · this season",
    "0 of 3 managers have made a claim.",
    "Quorra",
    "0",
    "Xolo",
    "0",
    "Zibba",
    "0",
  ],
  "ics": [
    "X-WR-CALNAME:Xolo League — league calendar",
  ],
  "timeline": [
    "Imported the 2026 season from Sleeper",
    "Import of the 2025 season failed",
    "The import stopped before finishing. Re-run it from the league’s sync page.",
    "Import of the 2024 season: running",
    "Synced from Sleeper",
    "1 record updated.",
    "Synced from Sleeper",
    "Nothing had changed.",
    "Sync from Sleeper failed",
    "AllFantasy could not read the league on this pass; it retries automatically.",
    "Synced from Sleeper",
    "3 syncs · 5 records updated in all.",
    "Synced from Sleeper",
    "Nothing had changed · 2 checks.",
    "Ran waivers by hand",
    "League",
    "Xolo",
    "Reversed a trade",
    "Trade",
    "Changed league settings",
    "System",
    "Sent an @everyone announcement",
    "Xqz wvb",
    "Zibba",
    "Checked the league for commissioner tasks",
    "2 new tasks, 1 resolved on its own.",
    "Automation",
    "Checked the league for commissioner tasks",
    "No change — 3 still open.",
    "Automation",
    "Checked the league for commissioner tasks",
    "Nothing needed attention.",
    "Automation",
    "Checked the league for commissioner tasks",
    "1 new task.",
    "Automation",
    "Checked the league for commissioner tasks",
    "1 resolved on its own.",
    "Automation",
    "Processed waiver claims",
    "Skipped — nothing was due.",
    "Automation",
    "Built the scheduled commissioner report",
    "Automation",
    "Ran automation recipes",
    "Automation",
  ],
}
`;
